2026-05-22T23:09:11.723850Z  INFO host::host: Loading plugin 'revm-provider'...
2026-05-22T23:09:11.980236Z  INFO host::host: Loaded plugin 'revm-provider'
2026-05-22T23:09:11.980274Z  INFO host::host: Initializing plugin 830eca
2026-05-22T23:09:11.980895Z  INFO plugin: [plugin] [revm-provider]  INFO revm_provider::remote_db: Cache Miss - RPC Call: {"id":1,"jsonrpc":"2.0","method":"eth_chainId","params":[]}
2026-05-22T23:09:12.069760Z  INFO plugin: [plugin] [revm-provider]  INFO revm_provider::remote_db: Cache Miss - RPC Call: {"id":1,"jsonrpc":"2.0","method":"eth_getBlockByNumber","params":["latest",false]}
2026-05-22T23:09:12.108886Z  INFO plugin: [plugin] [revm-provider]  INFO revm_provider::provider: Writing provider state to key: revm_fork_provider/provider...
2026-05-22T23:09:12.109116Z  INFO plugin: [plugin] [revm-provider]  INFO revm_provider::chain: Mining block 25153989
2026-05-22T23:09:12.109774Z  INFO host::host: Plugin 830eca initialized
2026-05-22T23:09:13.311170Z  INFO host::host: Loading plugin 'eoa-vault'...
2026-05-22T23:09:13.585013Z  INFO host::host: Loaded plugin 'eoa-vault'
2026-05-22T23:09:13.585052Z  INFO host::host: Initializing plugin ed8a2b
2026-05-22T23:09:13.585501Z  INFO plugin: [plugin] [eoa-vault]  INFO eoa_vault: Calling Init on Vault Plugin
2026-05-22T23:09:13.597526Z  INFO host::host: Plugin ed8a2b initialized
2026-05-22T23:09:15.615530Z  INFO host::host: Loading plugin 'eoa-coordinator'...
2026-05-22T23:09:15.850172Z  INFO host::host: Loaded plugin 'eoa-coordinator'
2026-05-22T23:09:15.850210Z  INFO host::host: Initializing plugin 05965c
2026-05-22T23:09:15.876618Z  INFO host::host: Plugin 05965c initialized
2026-05-22T23:09:18.727115Z  INFO host::host: Loading plugin 'staking'...
2026-05-22T23:09:18.943066Z  INFO host::host: Loaded plugin 'staking'
2026-05-22T23:09:18.943117Z  INFO host::host: Initializing plugin 19c46b
2026-05-22T23:09:18.943432Z  INFO plugin: [plugin] [staking]  INFO staking: Starting Staking Plugin...
2026-05-22T23:09:18.943472Z  INFO plugin: [plugin] [staking]  INFO staking: Initializing Staking Plugin
2026-05-22T23:09:18.958449Z  INFO host::host: Plugin 19c46b initialized
2026-05-22T23:09:23.592659Z  INFO plugin: [plugin] [eoa-vault]  INFO eoa_vault: OnPageLoad called for page: page:848041
2026-05-22T23:09:23.731976Z  INFO host_fetch{plugin=830eca}:host_fetch{plugin=830eca}: plugin: [plugin] [revm-provider]  INFO revm_provider::remote_db: Cache Miss - RPC Call: {"id":1,"jsonrpc":"2.0","method":"eth_getStorageAt","params":["0xc02aaa39b223fe8d0a0e5c4f27ead9083c756cc2","0xd0235d0df0157df7766fe4c1c11b2035f0ef174416d9e21550dc38df7f4a31eb","0x17fd1c4"]}
2026-05-22T23:09:23.740999Z  INFO host_fetch{plugin=830eca}:host_fetch{plugin=830eca}:host_fetch{plugin=830eca}: plugin: [plugin] [revm-provider]  INFO revm_provider::remote_db: Cache Miss - RPC Call: {"id":1,"jsonrpc":"2.0","method":"eth_getStorageAt","params":["0xde30da39c46104798bb5aa3fe8b9e0e1f348163f","0x258fa20d28b50e0d8a351773fdce733e6da15ce386c15cd4ce560b13d6e222ce","0x17fd1c4"]}
2026-05-22T23:09:23.775638Z  INFO plugin: [plugin] [revm-provider]  INFO revm_provider::remote_db: Cache Miss - RPC Call: {"id":1,"jsonrpc":"2.0","method":"eth_getStorageAt","params":["0x6b175474e89094c44da98b954eedeac495271d0f","0x59036c21617ba1d8e25931a18f519fab803a04b466a702c3b28c1e3d42a157e5","0x17fd1c4"]}
2026-05-22T23:09:38.013554Z  INFO plugin: [plugin] [revm-provider]  INFO revm_provider: Page updated: FormSubmitted("deal_form", {"account": "eip155:1:0x14d58d9e13f28fda822d3b8d4353c95a30c5fe3f", "amount": "123123123123123123123123123123123123", "asset": "ETH"})
2026-05-22T23:09:38.013604Z  INFO plugin: [plugin] [revm-provider]  INFO revm_provider: Dealing ETH:123123123123123123123123123123123123 to address 0x14D58d9E13F28FDa822d3B8D4353c95a30c5fE3f
2026-05-22T23:09:38.014159Z  INFO plugin: [plugin] [revm-provider]  INFO revm_provider::chain: Mining block 25153990
2026-05-22T23:09:39.809047Z  INFO plugin: [plugin] [eoa-vault]  INFO eoa_vault: OnPageLoad called for page: page:848041
2026-05-22T23:09:41.523782Z  INFO plugin: [plugin] [staking]  INFO staking: Starting Staking Plugin...
2026-05-22T23:09:41.523830Z  INFO plugin: [plugin] [staking]  INFO staking: Page loaded: page:341554
2026-05-22T23:09:44.076021Z  INFO plugin: [plugin] [staking]  INFO staking: Starting Staking Plugin...
2026-05-22T23:09:44.076108Z  INFO plugin: [plugin] [staking]  INFO staking: Page updated: FormSubmitted("stake_form", {"amount": "123"})
2026-05-22T23:09:44.092220Z  INFO plugin: [plugin] [eoa-vault]  INFO eoa_vault: Received Withdraw request for vault: vault:36901b, to address: eip155:1:0x06e952bc4746b0c40b399e5578ac51ceb9686ccb, asset: eip155:1/slip44:60, amount: 123000000000000000000
2026-05-22T23:09:44.094036Z  INFO plugin: [plugin] [eoa-vault] ERROR tlock_alloy: Error handling request: req=SerializedRequest { meta: RequestMeta { method: "eth_getTransactionCount", id: Number(2), is_subscription: false, extensions: {} }, request: RawValue({"method":"eth_getTransactionCount","params":["0x14d58d9e13f28fda822d3b8d4353c95a30c5fe3f","pending"],"id":2,"jsonrpc":"2.0"}) }, error=Transport(Custom("Error calling GetTransactionCount: Session error: Chain Error: RPC Error: Key is empty: revm_fork_provider/layer/25153991"))
2026-05-22T23:09:44.094177Z ERROR tlock_tui: page_on_update: Error calling OnPageUpdate: Session error: Failed to withdraw from vault: Error calling Withdraw: Session error: Error calling GetTransactionCount: Session error: Chain Error: RPC Error: Key is empty: revm_fork_provider/layer/25153991
2026-05-22T23:09:47.241836Z  INFO plugin: [plugin] [eoa-vault]  INFO eoa_vault: OnPageLoad called for page: page:848041
2026-05-22T23:09:50.561840Z  INFO plugin: [plugin] [staking]  INFO staking: Starting Staking Plugin...
2026-05-22T23:09:50.561917Z  INFO plugin: [plugin] [staking]  INFO staking: Page loaded: page:341554
